[debug] [2026-05-24T08:47:13.991Z] ----------------------------------------------------------------------
[debug] [2026-05-24T08:47:13.998Z] Command:       C:\Program Files\nodejs\node.exe C:\Users\mshar\AppData\Roaming\npm\node_modules\firebase-tools\lib\bin\firebase.js hosting:channel:list
[debug] [2026-05-24T08:47:13.999Z] CLI Version:   15.15.0
[debug] [2026-05-24T08:47:13.999Z] Platform:      win32
[debug] [2026-05-24T08:47:13.999Z] Node Version:  v22.20.0
[debug] [2026-05-24T08:47:14.000Z] Time:          Sun May 24 2026 11:47:14 GMT+0300 (Israel Daylight Time)
[debug] [2026-05-24T08:47:14.000Z] ----------------------------------------------------------------------
[debug] 
[debug] [2026-05-24T08:47:14.574Z] > command requires scopes: ["email","openid","https://www.googleapis.com/auth/cloudplatformprojects.readonly","https://www.googleapis.com/auth/firebase","https://www.googleapis.com/auth/cloud-platform"]
[debug] [2026-05-24T08:47:14.575Z] > authorizing via signed-in user (anasakkari05@gmail.com)
[debug] [2026-05-24T08:47:14.575Z] [iam] checking project matchmaking-35a64 for permissions ["firebase.projects.get","firebasehosting.sites.update"]
[debug] [2026-05-24T08:47:14.578Z] Checked if tokens are valid: false, expires at: 1779578756188
[debug] [2026-05-24T08:47:14.578Z] Checked if tokens are valid: false, expires at: 1779578756188
[debug] [2026-05-24T08:47:14.579Z] > refreshing access token with scopes: []
[debug] [2026-05-24T08:47:14.582Z] >>> [apiv2][query] POST https://www.googleapis.com/oauth2/v3/token [none]
[debug] [2026-05-24T08:47:14.582Z] >>> [apiv2][body] POST https://www.googleapis.com/oauth2/v3/token [omitted]
[debug] [2026-05-24T08:47:14.833Z] <<< [apiv2][status] POST https://www.googleapis.com/oauth2/v3/token 200
[debug] [2026-05-24T08:47:14.833Z] <<< [apiv2][body] POST https://www.googleapis.com/oauth2/v3/token [omitted]
[debug] [2026-05-24T08:47:14.845Z] >>> [apiv2][query] POST https://cloudresourcemanager.googleapis.com/v1/projects/matchmaking-35a64:testIamPermissions [none]
[debug] [2026-05-24T08:47:14.845Z] >>> [apiv2][(partial)header] POST https://cloudresourcemanager.googleapis.com/v1/projects/matchmaking-35a64:testIamPermissions  x-goog-user-project=matchmaking-35a64
[debug] [2026-05-24T08:47:14.846Z] >>> [apiv2][body] POST https://cloudresourcemanager.googleapis.com/v1/projects/matchmaking-35a64:testIamPermissions {"permissions":["firebase.projects.get","firebasehosting.sites.update"]}
[debug] [2026-05-24T08:47:15.924Z] <<< [apiv2][status] POST https://cloudresourcemanager.googleapis.com/v1/projects/matchmaking-35a64:testIamPermissions 403
[debug] [2026-05-24T08:47:15.925Z] <<< [apiv2][body] POST https://cloudresourcemanager.googleapis.com/v1/projects/matchmaking-35a64:testIamPermissions {"error":{"code":403,"message":"Caller does not have required permission to use project matchmaking-35a64. Grant the caller the roles/serviceusage.serviceUsageConsumer role, or a custom role with the serviceusage.services.use permission, by visiting https://console.developers.google.com/iam-admin/iam?project=matchmaking-35a64 and then retry. Propagation of the new permission may take a few minutes.","status":"PERMISSION_DENIED","details":[{"@type":"type.googleapis.com/google.rpc.ErrorInfo","reason":"USER_PROJECT_DENIED","domain":"googleapis.com","metadata":{"service":"cloudresourcemanager.googleapis.com","consumer":"projects/matchmaking-35a64","containerInfo":"matchmaking-35a64","consoleUrl":"https://console.developers.google.com/iam-admin/iam?project=matchmaking-35a64"}},{"@type":"type.googleapis.com/google.rpc.LocalizedMessage","locale":"en-US","message":"Caller does not have required permission to use project matchmaking-35a64. Grant the caller the roles/serviceusage.serviceUsageConsumer role, or a custom role with the serviceusage.services.use permission, by visiting https://console.developers.google.com/iam-admin/iam?project=matchmaking-35a64 and then retry. Propagation of the new permission may take a few minutes."},{"@type":"type.googleapis.com/google.rpc.Help","links":[{"description":"Google developer console IAM admin","url":"https://console.developers.google.com/iam-admin/iam?project=matchmaking-35a64"}]}]}}
[debug] [2026-05-24T08:47:15.927Z] [iam] error while checking permissions, command may fail: Request to https://cloudresourcemanager.googleapis.com/v1/projects/matchmaking-35a64:testIamPermissions had HTTP Error: 403, Caller does not have required permission to use project matchmaking-35a64. Grant the caller the roles/serviceusage.serviceUsageConsumer role, or a custom role with the serviceusage.services.use permission, by visiting https://console.developers.google.com/iam-admin/iam?project=matchmaking-35a64 and then retry. Propagation of the new permission may take a few minutes.
[debug] [2026-05-24T08:47:15.928Z] Checked if tokens are valid: true, expires at: 1779616033833
[debug] [2026-05-24T08:47:15.928Z] Checked if tokens are valid: true, expires at: 1779616033833
[debug] [2026-05-24T08:47:15.929Z] >>> [apiv2][query] GET https://firebase.googleapis.com/v1beta1/projects/matchmaking-35a64 [none]
[debug] [2026-05-24T08:47:16.460Z] <<< [apiv2][status] GET https://firebase.googleapis.com/v1beta1/projects/matchmaking-35a64 403
[debug] [2026-05-24T08:47:16.461Z] <<< [apiv2][body] GET https://firebase.googleapis.com/v1beta1/projects/matchmaking-35a64 {"error":{"code":403,"message":"The caller does not have permission","status":"PERMISSION_DENIED"}}
[debug] [2026-05-24T08:47:16.461Z] Request to https://firebase.googleapis.com/v1beta1/projects/matchmaking-35a64 had HTTP Error: 403, The caller does not have permission
[debug] [2026-05-24T08:47:16.619Z] FirebaseError: Request to https://firebase.googleapis.com/v1beta1/projects/matchmaking-35a64 had HTTP Error: 403, The caller does not have permission
    at responseToError (C:\Users\mshar\AppData\Roaming\npm\node_modules\firebase-tools\lib\responseToError.js:53:12)
    at RetryOperation._fn (C:\Users\mshar\AppData\Roaming\npm\node_modules\firebase-tools\lib\apiv2.js:333:77)
    at process.processTicksAndRejections (node:internal/process/task_queues:105:5)
[error] 
[error] Error: Failed to get Firebase project matchmaking-35a64. Please make sure the project exists and your account has permission to access it.
[debug] [2026-05-24T08:47:18.154Z] ----------------------------------------------------------------------
[debug] [2026-05-24T08:47:18.159Z] Command:       C:\Program Files\nodejs\node.exe C:\Users\mshar\AppData\Roaming\npm\node_modules\firebase-tools\lib\bin\firebase.js apps:list
[debug] [2026-05-24T08:47:18.160Z] CLI Version:   15.15.0
[debug] [2026-05-24T08:47:18.160Z] Platform:      win32
[debug] [2026-05-24T08:47:18.160Z] Node Version:  v22.20.0
[debug] [2026-05-24T08:47:18.161Z] Time:          Sun May 24 2026 11:47:18 GMT+0300 (Israel Daylight Time)
[debug] [2026-05-24T08:47:18.161Z] ----------------------------------------------------------------------
[debug] 
[debug] [2026-05-24T08:47:18.600Z] > command requires scopes: ["email","openid","https://www.googleapis.com/auth/cloudplatformprojects.readonly","https://www.googleapis.com/auth/firebase","https://www.googleapis.com/auth/cloud-platform"]
[debug] [2026-05-24T08:47:18.600Z] > authorizing via signed-in user (anasakkari05@gmail.com)
[debug] [2026-05-24T08:47:18.605Z] Checked if tokens are valid: true, expires at: 1779616033833
[debug] [2026-05-24T08:47:18.606Z] Checked if tokens are valid: true, expires at: 1779616033833
[debug] [2026-05-24T08:47:18.608Z] >>> [apiv2][query] GET https://firebase.googleapis.com/v1beta1/projects/matchmaking-35a64:searchApps pageSize=100
[debug] [2026-05-24T08:47:19.151Z] <<< [apiv2][status] GET https://firebase.googleapis.com/v1beta1/projects/matchmaking-35a64:searchApps 403
[debug] [2026-05-24T08:47:19.152Z] <<< [apiv2][body] GET https://firebase.googleapis.com/v1beta1/projects/matchmaking-35a64:searchApps {"error":{"code":403,"message":"The caller does not have permission","status":"PERMISSION_DENIED"}}
[debug] [2026-05-24T08:47:19.153Z] Request to https://firebase.googleapis.com/v1beta1/projects/matchmaking-35a64:searchApps?pageSize=100 had HTTP Error: 403, The caller does not have permission
[debug] [2026-05-24T08:47:19.312Z] FirebaseError: Request to https://firebase.googleapis.com/v1beta1/projects/matchmaking-35a64:searchApps?pageSize=100 had HTTP Error: 403, The caller does not have permission
    at responseToError (C:\Users\mshar\AppData\Roaming\npm\node_modules\firebase-tools\lib\responseToError.js:53:12)
    at RetryOperation._fn (C:\Users\mshar\AppData\Roaming\npm\node_modules\firebase-tools\lib\apiv2.js:333:77)
    at process.processTicksAndRejections (node:internal/process/task_queues:105:5)
[error] 
[error] Error: Failed to list Firebase apps. See firebase-debug.log for more info.
